<?xml version="1.0" encoding="UTF-8"?>
<testsuites name="jest tests" tests="4" failures="1" errors="0" time="0.511">
  <testsuite name="undefined" errors="0" failures="1" skipped="3" timestamp="2022-07-28T09:52:33" time="0.506" tests="4">
    <testcase classname=" upsertFormula is defined" name=" upsertFormula is defined" time="0">
      <skipped/>
    </testcase>
    <testcase classname=" Simple recipe no formula" name=" Simple recipe no formula" time="0">
      <skipped/>
    </testcase>
    <testcase classname=" Recipe add formula" name=" Recipe add formula" time="0">
      <skipped/>
    </testcase>
    <testcase classname=" Recipe remove formula" name=" Recipe remove formula" time="0.074">
      <failure>Error: expect(received).toBe(expected) // Object.is equality

Expected: true
Received: false
    at Object.toBe (/home/caio/IdeaProjects/stronghold-manager/specs/formula_node_repository.test.js:158:31)</failure>
    </testcase>
  </testsuite>
</testsuites>